2025-03-28 20:16:00 | INFO | repo=pv243-2015-cdi-seminar | action=edit | files=3
2025-03-07 13:05:00 | WARN | repo=pv243-2015-cdi-seminar | action=pull
2025-04-25 18:23:00 | INFO | repo=pv243-2015-cdi-seminar | action=commit
2025-05-11 15:10:00 | DEBUG | repo=pv243-2015-cdi-seminar | action=commit
2025-07-22 17:48:00 | DEBUG | repo=pv243-2015-cdi-seminar | action=commit
2025-06-22 19:34:00 | INFO | repo=pv243-2015-cdi-seminar | action=commit
2025-07-26 12:36:00 | INFO | repo=pv243-2015-cdi-seminar | action=commit
2025-01-07 18:43:00 | WARN | repo=pv243-2015-cdi-seminar | action=commit
2025-01-01 07:08:00 | INFO | repo=pv243-2015-cdi-seminar | action=pull
2025-01-19 18:19:00 | INFO | repo=pv243-2015-cdi-seminar | action=commit
2025-02-06 19:21:00 | DEBUG | repo=pv243-2015-cdi-seminar | action=commit
2025-09-24 21:29:00 | INFO | repo=pv243-2015-cdi-seminar | action=pull
2025-11-11 09:52:00 | WARN | repo=pv243-2015-cdi-seminar | action=commit
2025-10-21 21:44:00 | INFO | repo=pv243-2015-cdi-seminar | action=commit
2025-03-24 08:02:00 | DEBUG | repo=pv243-2015-cdi-seminar | action=commit
2025-11-04 17:47:00 | WARN | repo=pv243-2015-cdi-seminar | action=commit
2025-04-15 15:54:00 | INFO | repo=pv243-2015-cdi-seminar | action=commit
2025-07-22 15:22:00 | DEBUG | repo=pv243-2015-cdi-seminar | action=commit
2025-04-19 19:22:00 | WARN | repo=pv243-2015-cdi-seminar | action=commit
2025-04-18 09:57:00 | DEBUG | repo=pv243-2015-cdi-seminar | action=commit
2025-01-04 16:03:00 | DEBUG | repo=pv243-2015-cdi-seminar | action=commit
2025-02-06 12:26:00 | INFO | repo=pv243-2015-cdi-seminar | action=commit
2025-01-02 16:34:00 | WARN | repo=pv243-2015-cdi-seminar | action=test | passed=true
2025-09-16 18:40:00 | DEBUG | repo=pv243-2015-cdi-seminar | action=commit
2025-12-25 11:42:00 | INFO | repo=pv243-2015-cdi-seminar | action=commit
2025-06-08 09:01:00 | DEBUG | repo=pv243-2015-cdi-seminar | action=test | passed=true
2025-11-03 13:19:00 | WARN | repo=pv243-2015-cdi-seminar | action=edit | files=1
2025-10-27 09:11:00 | DEBUG | repo=pv243-2015-cdi-seminar | action=edit | files=5
2025-09-27 13:41:00 | WARN | repo=pv243-2015-cdi-seminar | action=commit
2025-09-07 15:13:00 | DEBUG | repo=pv243-2015-cdi-seminar | action=commit
2025-09-11 13:55:00 | DEBUG | repo=pv243-2015-cdi-seminar | action=commit
2025-03-16 08:54:00 | INFO | repo=pv243-2015-cdi-seminar | action=commit
2025-08-13 18:41:00 | DEBUG | repo=pv243-2015-cdi-seminar | action=commit
2025-09-25 08:40:00 | INFO | repo=pv243-2015-cdi-seminar | action=commit
2025-01-01 11:29:00 | DEBUG | repo=pv243-2015-cdi-seminar | action=commit
2025-01-26 07:21:00 | INFO | repo=pv243-2015-cdi-seminar | action=commit
2025-09-28 20:35:00 | DEBUG | repo=pv243-2015-cdi-seminar | action=commit
2025-10-18 15:14:00 | INFO | repo=pv243-2015-cdi-seminar | action=commit
2025-01-21 11:17:00 | DEBUG | repo=pv243-2015-cdi-seminar | action=commit
2025-03-15 20:27:00 | INFO | repo=pv243-2015-cdi-seminar | action=commit
2025-10-26 12:03:00 | WARN | repo=pv243-2015-cdi-seminar | action=commit
